============================= test session starts =============================
platform win32 -- Python 3.12.3, pytest-9.0.2, pluggy-1.6.0
rootdir: C:\Users\FAZLUL\Desktop\MainProject\LlmForge\backend
configfile: pytest.ini
plugins: anyio-4.12.0
collected 2 items

tests\test_experiment_lifecycle.py FF                                    [100%]

================================== FAILURES ===================================
____________ TestExperimentLifecycle.test_enqueue_failure_rollback ____________

self = <tests.test_experiment_lifecycle.TestExperimentLifecycle object at 0x000001AA18815CD0>
mock_enqueue = <MagicMock name='_enqueue_or_fallback' id='1830067551072'>
client = <starlette.testclient.TestClient object at 0x000001AA18816900>

    @patch('app.api.experiments._enqueue_or_fallback')
    def test_enqueue_failure_rollback(self, mock_enqueue, client):
        """
        Test that if enqueueing an experiment fails, the status is properly
        rolled back to FAILED from QUEUED, rather than getting stuck.
        """
        # Make the enqueuer raise an exception to simulate Redis/task queue failure
        mock_enqueue.side_effect = Exception("Simulated queue failure")
    
        # 1. Create a dummy experiment
        create_payload = {
            "name": "Rollback Test",
            "description": "Testing failure rollback",
            "config": {
                "model_name": "mock-model",
                "reasoning_method": "naive",
                "dataset_name": "sample",
                "num_samples": 1,
            }
        }
    
>       create_resp = client.post(f"{settings.API_V1_PREFIX}/experiments", json=create_payload)
                      ^^^^^^^^^^^^^^^^^^^^^^^^^^^^^^^^^^^^^^^^^^^^^^^^^^^^^^^^^^^^^^^^^^^^^^^^^

tests\test_experiment_lifecycle.py:47: 
_ _ _ _ _ _ _ _ _ _ _ _ _ _ _ _ _ _ _ _ _ _ _ _ _ _ _ _ _ _ _ _ _ _ _ _ _ _ _ _
venv\Lib\site-packages\starlette\testclient.py:546: in post
    return super().post(
venv\Lib\site-packages\httpx\_client.py:1144: in post
    return self.request(
venv\Lib\site-packages\starlette\testclient.py:445: in request
    return super().request(
venv\Lib\site-packages\httpx\_client.py:825: in request
    return self.send(request, auth=auth, follow_redirects=follow_redirects)
           ^^^^^^^^^^^^^^^^^^^^^^^^^^^^^^^^^^^^^^^^^^^^^^^^^^^^^^^^^^^^^^^^
venv\Lib\site-packages\httpx\_client.py:914: in send
    response = self._send_handling_auth(
venv\Lib\site-packages\httpx\_client.py:942: in _send_handling_auth
    response = self._send_handling_redirects(
venv\Lib\site-packages\httpx\_client.py:979: in _send_handling_redirects
    response = self._send_single_request(request)
               ^^^^^^^^^^^^^^^^^^^^^^^^^^^^^^^^^^
venv\Lib\site-packages\httpx\_client.py:1014: in _send_single_request
    response = transport.handle_request(request)
               ^^^^^^^^^^^^^^^^^^^^^^^^^^^^^^^^^
venv\Lib\site-packages\starlette\testclient.py:348: in handle_request
    raise exc
venv\Lib\site-packages\starlette\testclient.py:345: in handle_request
    portal.call(self.app, scope, receive, send)
venv\Lib\site-packages\anyio\from_thread.py:326: in call
    return cast(T_Retval, self.start_task_soon(func, *args).result())
                          ^^^^^^^^^^^^^^^^^^^^^^^^^^^^^^^^^^^^^^^^^^
C:\Python312\Lib\concurrent\futures\_base.py:456: in result
    return self.__get_result()
           ^^^^^^^^^^^^^^^^^^^
C:\Python312\Lib\concurrent\futures\_base.py:401: in __get_result
    raise self._exception
venv\Lib\site-packages\anyio\from_thread.py:257: in _call_func
    retval = await retval_or_awaitable
             ^^^^^^^^^^^^^^^^^^^^^^^^^
venv\Lib\site-packages\fastapi\applications.py:1135: in __call__
    await super().__call__(scope, receive, send)
venv\Lib\site-packages\starlette\applications.py:107: in __call__
    await self.middleware_stack(scope, receive, send)
venv\Lib\site-packages\starlette\middleware\errors.py:186: in __call__
    raise exc
venv\Lib\site-packages\starlette\middleware\errors.py:164: in __call__
    await self.app(scope, receive, _send)
venv\Lib\site-packages\starlette\middleware\base.py:191: in __call__
    with recv_stream, send_stream, collapse_excgroups():
C:\Python312\Lib\contextlib.py:158: in __exit__
    self.gen.throw(value)
venv\Lib\site-packages\starlette\_utils.py:85: in collapse_excgroups
    raise exc
venv\Lib\site-packages\starlette\middleware\base.py:193: in __call__
    response = await self.dispatch_func(request, call_next)
               ^^^^^^^^^^^^^^^^^^^^^^^^^^^^^^^^^^^^^^^^^^^^
app\core\middleware.py:19: in dispatch
    response = await call_next(request)
               ^^^^^^^^^^^^^^^^^^^^^^^^
venv\Lib\site-packages\starlette\middleware\base.py:168: in call_next
    raise app_exc from app_exc.__cause__ or app_exc.__context__
venv\Lib\site-packages\starlette\middleware\base.py:144: in coro
    await self.app(scope, receive_or_disconnect, send_no_error)
venv\Lib\site-packages\starlette\middleware\cors.py:85: in __call__
    await self.app(scope, receive, send)
venv\Lib\site-packages\starlette\middleware\exceptions.py:63: in __call__
    await wrap_app_handling_exceptions(self.app, conn)(scope, receive, send)
venv\Lib\site-packages\starlette\_exception_handler.py:53: in wrapped_app
    raise exc
venv\Lib\site-packages\starlette\_exception_handler.py:42: in wrapped_app
    await app(scope, receive, sender)
venv\Lib\site-packages\fastapi\middleware\asyncexitstack.py:18: in __call__
    await self.app(scope, receive, send)
venv\Lib\site-packages\starlette\routing.py:716: in __call__
    await self.middleware_stack(scope, receive, send)
venv\Lib\site-packages\starlette\routing.py:736: in app
    await route.handle(scope, receive, send)
venv\Lib\site-packages\starlette\routing.py:290: in handle
    await self.app(scope, receive, send)
venv\Lib\site-packages\fastapi\routing.py:115: in app
    await wrap_app_handling_exceptions(app, request)(scope, receive, send)
venv\Lib\site-packages\starlette\_exception_handler.py:53: in wrapped_app
    raise exc
venv\Lib\site-packages\starlette\_exception_handler.py:42: in wrapped_app
    await app(scope, receive, sender)
venv\Lib\site-packages\fastapi\routing.py:101: in app
    response = await f(request)
               ^^^^^^^^^^^^^^^^
venv\Lib\site-packages\fastapi\routing.py:355: in app
    raw_response = await run_endpoint_function(
venv\Lib\site-packages\fastapi\routing.py:243: in run_endpoint_function
    return await dependant.call(**values)
           ^^^^^^^^^^^^^^^^^^^^^^^^^^^^^^
_ _ _ _ _ _ _ _ _ _ _ _ _ _ _ _ _ _ _ _ _ _ _ _ _ _ _ _ _ _ _ _ _ _ _ _ _ _ _ _

experiment = ExperimentCreate(name='Rollback Test', description='Testing failure rollback', config=ExperimentConfig(model_name='moc...perature=0.7, max_tokens=256, top_p=0.9, top_k=None, seed=42), rag=None, agent=None, optimization=None, num_samples=1))
request = <starlette.requests.Request object at 0x000001AA1AAD49B0>
db = <sqlalchemy.ext.asyncio.session.AsyncSession object at 0x000001AA1AAD51C0>

    @router.post("", response_model=ExperimentResponse, status_code=201)
    async def create_experiment(
        experiment: ExperimentCreate,
        request: Request,
        db: AsyncSession = Depends(get_db),
    ):
        """Create a new experiment from configuration."""
>       from app.core.rate_limit import check_create_rate_limit
E         File "C:\Users\FAZLUL\Desktop\MainProject\LlmForge\backend\app\core\rate_limit.py", line 160
E           """, "Complexity": 6, "Description": "In-memory sliding window rate limiter for free-tier protection. No Redis dependency. Per-IP limits (15/hour create, 15/hour run) and global concurrent run cap (max 3).", "EmptyFile": false, "IsArtifact": false, "Overwrite": false, "TargetFile": "c:\\Users\\FAZLUL\\Desktop\\MainProject\\LlmForge\\backend\\app\\core\\rate_limit.py"}
E           ^
E       SyntaxError: unterminated triple-quoted string literal (detected at line 160)

app\api\experiments.py:113: SyntaxError
------------------------------ Captured log call ------------------------------
ERROR    app.core.exception_handlers:exception_handlers.py:85 Unhandled Exception on POST http://testserver/api/v1/experiments [RequestID: 5eef02e2-d5fc-4170-b6ef-907550a3e1fb]
Traceback (most recent call last):
  File "C:\Users\FAZLUL\Desktop\MainProject\LlmForge\backend\venv\Lib\site-packages\starlette\middleware\errors.py", line 164, in __call__
    await self.app(scope, receive, _send)
  File "C:\Users\FAZLUL\Desktop\MainProject\LlmForge\backend\venv\Lib\site-packages\starlette\middleware\base.py", line 191, in __call__
    with recv_stream, send_stream, collapse_excgroups():
  File "C:\Python312\Lib\contextlib.py", line 158, in __exit__
    self.gen.throw(value)
  File "C:\Users\FAZLUL\Desktop\MainProject\LlmForge\backend\venv\Lib\site-packages\starlette\_utils.py", line 85, in collapse_excgroups
    raise exc
  File "C:\Users\FAZLUL\Desktop\MainProject\LlmForge\backend\venv\Lib\site-packages\starlette\middleware\base.py", line 193, in __call__
    response = await self.dispatch_func(request, call_next)
               ^^^^^^^^^^^^^^^^^^^^^^^^^^^^^^^^^^^^^^^^^^^^
  File "C:\Users\FAZLUL\Desktop\MainProject\LlmForge\backend\app\core\middleware.py", line 19, in dispatch
    response = await call_next(request)
               ^^^^^^^^^^^^^^^^^^^^^^^^
  File "C:\Users\FAZLUL\Desktop\MainProject\LlmForge\backend\venv\Lib\site-packages\starlette\middleware\base.py", line 168, in call_next
    raise app_exc from app_exc.__cause__ or app_exc.__context__
  File "C:\Users\FAZLUL\Desktop\MainProject\LlmForge\backend\venv\Lib\site-packages\starlette\middleware\base.py", line 144, in coro
    await self.app(scope, receive_or_disconnect, send_no_error)
  File "C:\Users\FAZLUL\Desktop\MainProject\LlmForge\backend\venv\Lib\site-packages\starlette\middleware\cors.py", line 85, in __call__
    await self.app(scope, receive, send)
  File "C:\Users\FAZLUL\Desktop\MainProject\LlmForge\backend\venv\Lib\site-packages\starlette\middleware\exceptions.py", line 63, in __call__
    await wrap_app_handling_exceptions(self.app, conn)(scope, receive, send)
  File "C:\Users\FAZLUL\Desktop\MainProject\LlmForge\backend\venv\Lib\site-packages\starlette\_exception_handler.py", line 53, in wrapped_app
    raise exc
  File "C:\Users\FAZLUL\Desktop\MainProject\LlmForge\backend\venv\Lib\site-packages\starlette\_exception_handler.py", line 42, in wrapped_app
    await app(scope, receive, sender)
  File "C:\Users\FAZLUL\Desktop\MainProject\LlmForge\backend\venv\Lib\site-packages\fastapi\middleware\asyncexitstack.py", line 18, in __call__
    await self.app(scope, receive, send)
  File "C:\Users\FAZLUL\Desktop\MainProject\LlmForge\backend\venv\Lib\site-packages\starlette\routing.py", line 716, in __call__
    await self.middleware_stack(scope, receive, send)
  File "C:\Users\FAZLUL\Desktop\MainProject\LlmForge\backend\venv\Lib\site-packages\starlette\routing.py", line 736, in app
    await route.handle(scope, receive, send)
  File "C:\Users\FAZLUL\Desktop\MainProject\LlmForge\backend\venv\Lib\site-packages\starlette\routing.py", line 290, in handle
    await self.app(scope, receive, send)
  File "C:\Users\FAZLUL\Desktop\MainProject\LlmForge\backend\venv\Lib\site-packages\fastapi\routing.py", line 115, in app
    await wrap_app_handling_exceptions(app, request)(scope, receive, send)
  File "C:\Users\FAZLUL\Desktop\MainProject\LlmForge\backend\venv\Lib\site-packages\starlette\_exception_handler.py", line 53, in wrapped_app
    raise exc
  File "C:\Users\FAZLUL\Desktop\MainProject\LlmForge\backend\venv\Lib\site-packages\starlette\_exception_handler.py", line 42, in wrapped_app
    await app(scope, receive, sender)
  File "C:\Users\FAZLUL\Desktop\MainProject\LlmForge\backend\venv\Lib\site-packages\fastapi\routing.py", line 101, in app
    response = await f(request)
               ^^^^^^^^^^^^^^^^
  File "C:\Users\FAZLUL\Desktop\MainProject\LlmForge\backend\venv\Lib\site-packages\fastapi\routing.py", line 355, in app
    raw_response = await run_endpoint_function(
                   ^^^^^^^^^^^^^^^^^^^^^^^^^^^^
  File "C:\Users\FAZLUL\Desktop\MainProject\LlmForge\backend\venv\Lib\site-packages\fastapi\routing.py", line 243, in run_endpoint_function
    return await dependant.call(**values)
           ^^^^^^^^^^^^^^^^^^^^^^^^^^^^^^
  File "C:\Users\FAZLUL\Desktop\MainProject\LlmForge\backend\app\api\experiments.py", line 113, in create_experiment
    from app.core.rate_limit import check_create_rate_limit
  File "C:\Users\FAZLUL\Desktop\MainProject\LlmForge\backend\app\core\rate_limit.py", line 160
    """, "Complexity": 6, "Description": "In-memory sliding window rate limiter for free-tier protection. No Redis dependency. Per-IP limits (15/hour create, 15/hour run) and global concurrent run cap (max 3).", "EmptyFile": false, "IsArtifact": false, "Overwrite": false, "TargetFile": "c:\\Users\\FAZLUL\\Desktop\\MainProject\\LlmForge\\backend\\app\\core\\rate_limit.py"}
    ^
SyntaxError: unterminated triple-quoted string literal (detected at line 160)
__________ TestExperimentLifecycle.test_dashboard_stats_correctness ___________

self = <tests.test_experiment_lifecycle.TestExperimentLifecycle object at 0x000001AA18792720>
client = <starlette.testclient.TestClient object at 0x000001AA187EB380>

    def test_dashboard_stats_correctness(self, client):
        """
        Test that the /stats endpoint correctly calculates totals.
        """
        # 1. Create a couple of experiments
        for i in range(2):
>           client.post(f"{settings.API_V1_PREFIX}/experiments", json={
                "name": f"Stats Test {i}",
                "description": "",
                "config": {
                    "model_name": "mock-model",
                    "reasoning_method": "naive",
                    "dataset_name": "sample",
                    "num_samples": 1,
                }
            })

tests\test_experiment_lifecycle.py:72: 
_ _ _ _ _ _ _ _ _ _ _ _ _ _ _ _ _ _ _ _ _ _ _ _ _ _ _ _ _ _ _ _ _ _ _ _ _ _ _ _
venv\Lib\site-packages\starlette\testclient.py:546: in post
    return super().post(
venv\Lib\site-packages\httpx\_client.py:1144: in post
    return self.request(
venv\Lib\site-packages\starlette\testclient.py:445: in request
    return super().request(
venv\Lib\site-packages\httpx\_client.py:825: in request
    return self.send(request, auth=auth, follow_redirects=follow_redirects)
           ^^^^^^^^^^^^^^^^^^^^^^^^^^^^^^^^^^^^^^^^^^^^^^^^^^^^^^^^^^^^^^^^
venv\Lib\site-packages\httpx\_client.py:914: in send
    response = self._send_handling_auth(
venv\Lib\site-packages\httpx\_client.py:942: in _send_handling_auth
    response = self._send_handling_redirects(
venv\Lib\site-packages\httpx\_client.py:979: in _send_handling_redirects
    response = self._send_single_request(request)
               ^^^^^^^^^^^^^^^^^^^^^^^^^^^^^^^^^^
venv\Lib\site-packages\httpx\_client.py:1014: in _send_single_request
    response = transport.handle_request(request)
               ^^^^^^^^^^^^^^^^^^^^^^^^^^^^^^^^^
venv\Lib\site-packages\starlette\testclient.py:348: in handle_request
    raise exc
venv\Lib\site-packages\starlette\testclient.py:345: in handle_request
    portal.call(self.app, scope, receive, send)
venv\Lib\site-packages\anyio\from_thread.py:326: in call
    return cast(T_Retval, self.start_task_soon(func, *args).result())
                          ^^^^^^^^^^^^^^^^^^^^^^^^^^^^^^^^^^^^^^^^^^
C:\Python312\Lib\concurrent\futures\_base.py:456: in result
    return self.__get_result()
           ^^^^^^^^^^^^^^^^^^^
C:\Python312\Lib\concurrent\futures\_base.py:401: in __get_result
    raise self._exception
venv\Lib\site-packages\anyio\from_thread.py:257: in _call_func
    retval = await retval_or_awaitable
             ^^^^^^^^^^^^^^^^^^^^^^^^^
venv\Lib\site-packages\fastapi\applications.py:1135: in __call__
    await super().__call__(scope, receive, send)
venv\Lib\site-packages\starlette\applications.py:107: in __call__
    await self.middleware_stack(scope, receive, send)
venv\Lib\site-packages\starlette\middleware\errors.py:186: in __call__
    raise exc
venv\Lib\site-packages\starlette\middleware\errors.py:164: in __call__
    await self.app(scope, receive, _send)
venv\Lib\site-packages\starlette\middleware\base.py:191: in __call__
    with recv_stream, send_stream, collapse_excgroups():
C:\Python312\Lib\contextlib.py:158: in __exit__
    self.gen.throw(value)
venv\Lib\site-packages\starlette\_utils.py:85: in collapse_excgroups
    raise exc
venv\Lib\site-packages\starlette\middleware\base.py:193: in __call__
    response = await self.dispatch_func(request, call_next)
               ^^^^^^^^^^^^^^^^^^^^^^^^^^^^^^^^^^^^^^^^^^^^
app\core\middleware.py:19: in dispatch
    response = await call_next(request)
               ^^^^^^^^^^^^^^^^^^^^^^^^
venv\Lib\site-packages\starlette\middleware\base.py:168: in call_next
    raise app_exc from app_exc.__cause__ or app_exc.__context__
venv\Lib\site-packages\starlette\middleware\base.py:144: in coro
    await self.app(scope, receive_or_disconnect, send_no_error)
venv\Lib\site-packages\starlette\middleware\cors.py:85: in __call__
    await self.app(scope, receive, send)
venv\Lib\site-packages\starlette\middleware\exceptions.py:63: in __call__
    await wrap_app_handling_exceptions(self.app, conn)(scope, receive, send)
venv\Lib\site-packages\starlette\_exception_handler.py:53: in wrapped_app
    raise exc
venv\Lib\site-packages\starlette\_exception_handler.py:42: in wrapped_app
    await app(scope, receive, sender)
venv\Lib\site-packages\fastapi\middleware\asyncexitstack.py:18: in __call__
    await self.app(scope, receive, send)
venv\Lib\site-packages\starlette\routing.py:716: in __call__
    await self.middleware_stack(scope, receive, send)
venv\Lib\site-packages\starlette\routing.py:736: in app
    await route.handle(scope, receive, send)
venv\Lib\site-packages\starlette\routing.py:290: in handle
    await self.app(scope, receive, send)
venv\Lib\site-packages\fastapi\routing.py:115: in app
    await wrap_app_handling_exceptions(app, request)(scope, receive, send)
venv\Lib\site-packages\starlette\_exception_handler.py:53: in wrapped_app
    raise exc
venv\Lib\site-packages\starlette\_exception_handler.py:42: in wrapped_app
    await app(scope, receive, sender)
venv\Lib\site-packages\fastapi\routing.py:101: in app
    response = await f(request)
               ^^^^^^^^^^^^^^^^
venv\Lib\site-packages\fastapi\routing.py:355: in app
    raw_response = await run_endpoint_function(
venv\Lib\site-packages\fastapi\routing.py:243: in run_endpoint_function
    return await dependant.call(**values)
           ^^^^^^^^^^^^^^^^^^^^^^^^^^^^^^
_ _ _ _ _ _ _ _ _ _ _ _ _ _ _ _ _ _ _ _ _ _ _ _ _ _ _ _ _ _ _ _ _ _ _ _ _ _ _ _

experiment = ExperimentCreate(name='Stats Test 0', description='', config=ExperimentConfig(model_name='mock-model', reasoning_metho...perature=0.7, max_tokens=256, top_p=0.9, top_k=None, seed=42), rag=None, agent=None, optimization=None, num_samples=1))
request = <starlette.requests.Request object at 0x000001AA1AEF5A60>
db = <sqlalchemy.ext.asyncio.session.AsyncSession object at 0x000001AA1AEF5E80>

    @router.post("", response_model=ExperimentResponse, status_code=201)
    async def create_experiment(
        experiment: ExperimentCreate,
        request: Request,
        db: AsyncSession = Depends(get_db),
    ):
        """Create a new experiment from configuration."""
>       from app.core.rate_limit import check_create_rate_limit
E         File "C:\Users\FAZLUL\Desktop\MainProject\LlmForge\backend\app\core\rate_limit.py", line 160
E           """, "Complexity": 6, "Description": "In-memory sliding window rate limiter for free-tier protection. No Redis dependency. Per-IP limits (15/hour create, 15/hour run) and global concurrent run cap (max 3).", "EmptyFile": false, "IsArtifact": false, "Overwrite": false, "TargetFile": "c:\\Users\\FAZLUL\\Desktop\\MainProject\\LlmForge\\backend\\app\\core\\rate_limit.py"}
E           ^
E       SyntaxError: unterminated triple-quoted string literal (detected at line 160)

app\api\experiments.py:113: SyntaxError
----------------------------- Captured log setup ------------------------------
ERROR    app.main:main.py:109 Failed to reset stuck experiments on startup: Event loop is closed
------------------------------ Captured log call ------------------------------
ERROR    app.core.exception_handlers:exception_handlers.py:85 Unhandled Exception on POST http://testserver/api/v1/experiments [RequestID: 9029d993-c2ed-4b10-a55d-23c8c24bfb52]
Traceback (most recent call last):
  File "C:\Users\FAZLUL\Desktop\MainProject\LlmForge\backend\venv\Lib\site-packages\starlette\middleware\errors.py", line 164, in __call__
    await self.app(scope, receive, _send)
  File "C:\Users\FAZLUL\Desktop\MainProject\LlmForge\backend\venv\Lib\site-packages\starlette\middleware\base.py", line 191, in __call__
    with recv_stream, send_stream, collapse_excgroups():
  File "C:\Python312\Lib\contextlib.py", line 158, in __exit__
    self.gen.throw(value)
  File "C:\Users\FAZLUL\Desktop\MainProject\LlmForge\backend\venv\Lib\site-packages\starlette\_utils.py", line 85, in collapse_excgroups
    raise exc
  File "C:\Users\FAZLUL\Desktop\MainProject\LlmForge\backend\venv\Lib\site-packages\starlette\middleware\base.py", line 193, in __call__
    response = await self.dispatch_func(request, call_next)
               ^^^^^^^^^^^^^^^^^^^^^^^^^^^^^^^^^^^^^^^^^^^^
  File "C:\Users\FAZLUL\Desktop\MainProject\LlmForge\backend\app\core\middleware.py", line 19, in dispatch
    response = await call_next(request)
               ^^^^^^^^^^^^^^^^^^^^^^^^
  File "C:\Users\FAZLUL\Desktop\MainProject\LlmForge\backend\venv\Lib\site-packages\starlette\middleware\base.py", line 168, in call_next
    raise app_exc from app_exc.__cause__ or app_exc.__context__
  File "C:\Users\FAZLUL\Desktop\MainProject\LlmForge\backend\venv\Lib\site-packages\starlette\middleware\base.py", line 144, in coro
    await self.app(scope, receive_or_disconnect, send_no_error)
  File "C:\Users\FAZLUL\Desktop\MainProject\LlmForge\backend\venv\Lib\site-packages\starlette\middleware\cors.py", line 85, in __call__
    await self.app(scope, receive, send)
  File "C:\Users\FAZLUL\Desktop\MainProject\LlmForge\backend\venv\Lib\site-packages\starlette\middleware\exceptions.py", line 63, in __call__
    await wrap_app_handling_exceptions(self.app, conn)(scope, receive, send)
  File "C:\Users\FAZLUL\Desktop\MainProject\LlmForge\backend\venv\Lib\site-packages\starlette\_exception_handler.py", line 53, in wrapped_app
    raise exc
  File "C:\Users\FAZLUL\Desktop\MainProject\LlmForge\backend\venv\Lib\site-packages\starlette\_exception_handler.py", line 42, in wrapped_app
    await app(scope, receive, sender)
  File "C:\Users\FAZLUL\Desktop\MainProject\LlmForge\backend\venv\Lib\site-packages\fastapi\middleware\asyncexitstack.py", line 18, in __call__
    await self.app(scope, receive, send)
  File "C:\Users\FAZLUL\Desktop\MainProject\LlmForge\backend\venv\Lib\site-packages\starlette\routing.py", line 716, in __call__
    await self.middleware_stack(scope, receive, send)
  File "C:\Users\FAZLUL\Desktop\MainProject\LlmForge\backend\venv\Lib\site-packages\starlette\routing.py", line 736, in app
    await route.handle(scope, receive, send)
  File "C:\Users\FAZLUL\Desktop\MainProject\LlmForge\backend\venv\Lib\site-packages\starlette\routing.py", line 290, in handle
    await self.app(scope, receive, send)
  File "C:\Users\FAZLUL\Desktop\MainProject\LlmForge\backend\venv\Lib\site-packages\fastapi\routing.py", line 115, in app
    await wrap_app_handling_exceptions(app, request)(scope, receive, send)
  File "C:\Users\FAZLUL\Desktop\MainProject\LlmForge\backend\venv\Lib\site-packages\starlette\_exception_handler.py", line 53, in wrapped_app
    raise exc
  File "C:\Users\FAZLUL\Desktop\MainProject\LlmForge\backend\venv\Lib\site-packages\starlette\_exception_handler.py", line 42, in wrapped_app
    await app(scope, receive, sender)
  File "C:\Users\FAZLUL\Desktop\MainProject\LlmForge\backend\venv\Lib\site-packages\fastapi\routing.py", line 101, in app
    response = await f(request)
               ^^^^^^^^^^^^^^^^
  File "C:\Users\FAZLUL\Desktop\MainProject\LlmForge\backend\venv\Lib\site-packages\fastapi\routing.py", line 355, in app
    raw_response = await run_endpoint_function(
                   ^^^^^^^^^^^^^^^^^^^^^^^^^^^^
  File "C:\Users\FAZLUL\Desktop\MainProject\LlmForge\backend\venv\Lib\site-packages\fastapi\routing.py", line 243, in run_endpoint_function
    return await dependant.call(**values)
           ^^^^^^^^^^^^^^^^^^^^^^^^^^^^^^
  File "C:\Users\FAZLUL\Desktop\MainProject\LlmForge\backend\app\api\experiments.py", line 113, in create_experiment
    from app.core.rate_limit import check_create_rate_limit
  File "C:\Users\FAZLUL\Desktop\MainProject\LlmForge\backend\app\core\rate_limit.py", line 160
    """, "Complexity": 6, "Description": "In-memory sliding window rate limiter for free-tier protection. No Redis dependency. Per-IP limits (15/hour create, 15/hour run) and global concurrent run cap (max 3).", "EmptyFile": false, "IsArtifact": false, "Overwrite": false, "TargetFile": "c:\\Users\\FAZLUL\\Desktop\\MainProject\\LlmForge\\backend\\app\\core\\rate_limit.py"}
    ^
SyntaxError: unterminated triple-quoted string literal (detected at line 160)
============================== warnings summary ===============================
venv\Lib\site-packages\_pytest\config\__init__.py:1428
  C:\Users\FAZLUL\Desktop\MainProject\LlmForge\backend\venv\Lib\site-packages\_pytest\config\__init__.py:1428: PytestConfigWarning: Unknown config option: collect_ignore_glob
  
    self._warn_or_fail_if_strict(f"Unknown config option: {key}\n")

-- Docs: https://docs.pytest.org/en/stable/how-to/capture-warnings.html
=========================== short test summary info ===========================
FAILED tests/test_experiment_lifecycle.py::TestExperimentLifecycle::test_enqueue_failure_rollback
FAILED tests/test_experiment_lifecycle.py::TestExperimentLifecycle::test_dashboard_stats_correctness
======================== 2 failed, 1 warning in 2.74s =========================
